<?xml version="1.0" encoding="utf-8"?>
<TestRun id="54e29175-539e-48a3-a634-3a1855a0ed38" name="@Asterix 2025-06-22 14:17:12.022" xmlns="http://microsoft.com/schemas/VisualStudio/TeamTest/2010">
  <Times creation="2025-06-22T14:17:11.756535Z" queuing="2025-06-22T14:17:11.756535Z" start="2025-06-22T14:17:11.756535Z" finish="2025-06-22T14:17:12.023063Z" />
  <TestSettings name="default" id="932e6c6f-3e5b-4392-ad65-e04c1ef476b5">
    <Deployment runDeploymentRoot="_Asterix_2025-06-22_14_17_12.022" />
  </TestSettings>
  <Results>
    <UnitTestResult executionId="37242a1f-ca3e-44b3-8142-71e510480975" testId="f846a1e6-0b68-2ac6-9a66-f417926e3238" testName="DotnetTests.XUnitV3Tests.FixtureTests.Failing_Test" computerName="Asterix" duration="00:00:00.0170545" startTime="2025-06-22T14:17:11.9339840+00:00" endTime="2025-06-22T14:17:11.9750850+00:00" testType="13CDC9D9-DDB5-4fa4-A97D-D965CCFC6D4B" outcome="Failed" testListId="8C84FA94-04C1-424b-9868-57A2D4851A1D" relativeResultsDirectory="37242a1f-ca3e-44b3-8142-71e510480975">
      <Output>
        <ErrorInfo>
          <Message>Assert.Null() Failure: Value is not null
Expected: null
Actual:   Fixture { }</Message>
          <StackTrace>   at DotnetTests.XUnitV3Tests.FixtureTests.Failing_Test() in /_/reports/dotnet/DotnetTests.XUnitV3Tests/FixtureTests.cs:line 25
   at System.RuntimeMethodHandle.InvokeMethod(Object target, Void** arguments, Signature sig, Boolean isConstructor)
   at System.Reflection.MethodBaseInvoker.InvokeWithNoArgs(Object obj, BindingFlags invokeAttr)</StackTrace>
        </ErrorInfo>
      </Output>
    </UnitTestResult>
    <UnitTestResult executionId="592aaafb-4dc0-49dc-b3c7-bcd81218d58a" testId="3ee930dd-8a75-92a0-0d90-373833166db1" testName="DotnetTests.XUnitV3Tests.FixtureTests.Passing_Test" computerName="Asterix" duration="00:00:00.0008786" startTime="2025-06-22T14:17:11.9819890+00:00" endTime="2025-06-22T14:17:11.9833560+00:00" testType="13CDC9D9-DDB5-4fa4-A97D-D965CCFC6D4B" outcome="Passed" testListId="8C84FA94-04C1-424b-9868-57A2D4851A1D" relativeResultsDirectory="592aaafb-4dc0-49dc-b3c7-bcd81218d58a" />
    <UnitTestResult executionId="19c42d36-f4d7-4046-bcc6-dd9b85c9ca2b" testId="372fb60f-1f5b-a52e-032e-41a7556021e8" testName="[Test Class Cleanup Failure (DotnetTests.XUnitV3Tests.FixtureTests.Passing_Test)]" computerName="Asterix" duration="00:00:00" startTime="2025-06-22T14:17:12.0320280+00:00" endTime="2025-06-22T14:17:12.0320290+00:00" testType="13CDC9D9-DDB5-4fa4-A97D-D965CCFC6D4B" outcome="Failed" testListId="8C84FA94-04C1-424b-9868-57A2D4851A1D" relativeResultsDirectory="19c42d36-f4d7-4046-bcc6-dd9b85c9ca2b" />
    <UnitTestResult executionId="b7f40170-1e2c-45ce-b5e4-5bf49fd4c360" testId="a69083a1-56b4-3da3-2d7c-66fda374fd8e" testName="[Test Class Cleanup Failure (DotnetTests.XUnitV3Tests.FixtureTests.Failing_Test)]" computerName="Asterix" duration="00:00:00" startTime="2025-06-22T14:17:12.0320420+00:00" endTime="2025-06-22T14:17:12.0320430+00:00" testType="13CDC9D9-DDB5-4fa4-A97D-D965CCFC6D4B" outcome="Failed" testListId="8C84FA94-04C1-424b-9868-57A2D4851A1D" relativeResultsDirectory="b7f40170-1e2c-45ce-b5e4-5bf49fd4c360" />
  </Results>
  <TestDefinitions>
    <UnitTest name="DotnetTests.XUnitV3Tests.FixtureTests.Failing_Test" storage="~/test-reporter/reports/dotnet/dotnettests.xunitv3tests/bin/debug/net8.0/dotnettests.xunitv3tests.dll" id="f846a1e6-0b68-2ac6-9a66-f417926e3238">
      <Execution id="37242a1f-ca3e-44b3-8142-71e510480975" />
      <TestMethod codeBase="~/test-reporter/reports/dotnet/DotnetTests.XUnitV3Tests/bin/Debug/net8.0/DotnetTests.XUnitV3Tests.dll" adapterTypeName="executor://30ea7c6e-dd24-4152-a360-1387158cd41d/2.0.3" className="DotnetTests.XUnitV3Tests.FixtureTests" name="DotnetTests.XUnitV3Tests.FixtureTests.Failing_Test" />
    </UnitTest>
    <UnitTest name="DotnetTests.XUnitV3Tests.FixtureTests.Passing_Test" storage="~/test-reporter/reports/dotnet/dotnettests.xunitv3tests/bin/debug/net8.0/dotnettests.xunitv3tests.dll" id="3ee930dd-8a75-92a0-0d90-373833166db1">
      <Execution id="592aaafb-4dc0-49dc-b3c7-bcd81218d58a" />
      <TestMethod codeBase="~/test-reporter/reports/dotnet/DotnetTests.XUnitV3Tests/bin/Debug/net8.0/DotnetTests.XUnitV3Tests.dll" adapterTypeName="executor://30ea7c6e-dd24-4152-a360-1387158cd41d/2.0.3" className="DotnetTests.XUnitV3Tests.FixtureTests" name="DotnetTests.XUnitV3Tests.FixtureTests.Passing_Test" />
    </UnitTest>
    <UnitTest name="[Test Class Cleanup Failure (DotnetTests.XUnitV3Tests.FixtureTests.Passing_Test)]" storage="~/test-reporter/reports/dotnet/dotnettests.xunitv3tests/bin/debug/net8.0/dotnettests.xunitv3tests.dll" id="372fb60f-1f5b-a52e-032e-41a7556021e8">
      <Execution id="19c42d36-f4d7-4046-bcc6-dd9b85c9ca2b" />
      <TestMethod codeBase="~/test-reporter/reports/dotnet/DotnetTests.XUnitV3Tests/bin/Debug/net8.0/DotnetTests.XUnitV3Tests.dll" adapterTypeName="executor://30ea7c6e-dd24-4152-a360-1387158cd41d/2.0.3" name="[Test Class Cleanup Failure (DotnetTests.XUnitV3Tests.FixtureTests.Passing_Test)]" />
    </UnitTest>
    <UnitTest name="[Test Class Cleanup Failure (DotnetTests.XUnitV3Tests.FixtureTests.Failing_Test)]" storage="~/test-reporter/reports/dotnet/dotnettests.xunitv3tests/bin/debug/net8.0/dotnettests.xunitv3tests.dll" id="a69083a1-56b4-3da3-2d7c-66fda374fd8e">
      <Execution id="b7f40170-1e2c-45ce-b5e4-5bf49fd4c360" />
      <TestMethod codeBase="~/test-reporter/reports/dotnet/DotnetTests.XUnitV3Tests/bin/Debug/net8.0/DotnetTests.XUnitV3Tests.dll" adapterTypeName="executor://30ea7c6e-dd24-4152-a360-1387158cd41d/2.0.3" name="[Test Class Cleanup Failure (DotnetTests.XUnitV3Tests.FixtureTests.Failing_Test)]" />
    </UnitTest>
  </TestDefinitions>
  <TestEntries>
    <TestEntry testId="f846a1e6-0b68-2ac6-9a66-f417926e3238" executionId="37242a1f-ca3e-44b3-8142-71e510480975" testListId="8C84FA94-04C1-424b-9868-57A2D4851A1D" />
    <TestEntry testId="3ee930dd-8a75-92a0-0d90-373833166db1" executionId="592aaafb-4dc0-49dc-b3c7-bcd81218d58a" testListId="8C84FA94-04C1-424b-9868-57A2D4851A1D" />
    <TestEntry testId="372fb60f-1f5b-a52e-032e-41a7556021e8" executionId="19c42d36-f4d7-4046-bcc6-dd9b85c9ca2b" testListId="8C84FA94-04C1-424b-9868-57A2D4851A1D" />
    <TestEntry testId="a69083a1-56b4-3da3-2d7c-66fda374fd8e" executionId="b7f40170-1e2c-45ce-b5e4-5bf49fd4c360" testListId="8C84FA94-04C1-424b-9868-57A2D4851A1D" />
  </TestEntries>
  <TestLists>
    <TestList name="Results Not in a List" id="8C84FA94-04C1-424b-9868-57A2D4851A1D" />
    <TestList name="All Loaded Results" id="19431567-8539-422a-85d7-44ee4e166bda" />
  </TestLists>
  <ResultSummary outcome="Failed">
    <Counters total="4" executed="4" passed="1" failed="3" error="0" timeout="0" aborted="0" inconclusive="0" passedButRunAborted="0" notRunnable="0" notExecuted="0" disconnected="0" warning="0" completed="0" inProgress="0" pending="0" />
    <RunInfos>
      <RunInfo computerName="Asterix" outcome="Error" timestamp="2025-06-22T14:17:12.033401">
        <Text>Exit code indicates failure: '2'. Please refer to https://aka.ms/testingplatform/exitcodes for more information.</Text>
      </RunInfo>
    </RunInfos>
  </ResultSummary>
</TestRun>